2025-04-04 04:19:38.197411 - Received CBT.V508.FILE1055.PDS from FILE1055.XMI 
2025-04-04 04:19:38.199336 - Found $$$$READ.txt (text/plain) in CBT.V508.FILE1055.PDS, moved to PDS/$$$$READ
2025-04-04 04:19:38.199494 - Found $$$#DATE.txt (text/plain) in CBT.V508.FILE1055.PDS, moved to PDS/$$$#DATE
2025-04-04 04:19:38.199671 - Found $$README.txt (text/plain) in CBT.V508.FILE1055.PDS, moved to PDS/$$README
2025-04-04 04:19:38.199793 - Found $$UPLOAD.txt (text/plain) in CBT.V508.FILE1055.PDS, moved to PDS/$$UPLOAD
2025-04-04 04:19:38.199911 - Found $$UPLOAJ.txt (text/plain) in CBT.V508.FILE1055.PDS, moved to PDS/$$UPLOAJ
2025-04-04 04:19:38.200037 - Found $$UPLOAM.txt (text/plain) in CBT.V508.FILE1055.PDS, moved to PDS/$$UPLOAM
2025-04-04 04:19:38.200164 - Found $CARR.jcl (text/plain) in CBT.V508.FILE1055.PDS, moved to PDS/$CARR
2025-04-04 04:19:38.200279 - Found $CESTAE.jcl (text/plain) in CBT.V508.FILE1055.PDS, moved to PDS/$CESTAE
2025-04-04 04:19:38.200392 - Found $CLIENT.jcl (text/plain) in CBT.V508.FILE1055.PDS, moved to PDS/$CLIENT
2025-04-04 04:19:38.200507 - Found $DUMPGDG.jcl (text/plain) in CBT.V508.FILE1055.PDS, moved to PDS/$DUMPGDG
2025-04-04 04:19:38.200617 - Found $GRECOV.jcl (text/plain) in CBT.V508.FILE1055.PDS, moved to PDS/$GRECOV
2025-04-04 04:19:38.200731 - Found $IRBPTR.jcl (text/plain) in CBT.V508.FILE1055.PDS, moved to PDS/$IRBPTR
2025-04-04 04:19:38.200850 - Found $OUTPUT1.txt (text/plain) in CBT.V508.FILE1055.PDS, moved to PDS/$OUTPUT1
2025-04-04 04:19:38.200967 - Found $OUTPUT2.txt (text/plain) in CBT.V508.FILE1055.PDS, moved to PDS/$OUTPUT2
2025-04-04 04:19:38.201095 - Found $OUTPUT3.txt (text/plain) in CBT.V508.FILE1055.PDS, moved to PDS/$OUTPUT3
2025-04-04 04:19:38.201216 - Found $OUTPUT4.txt (text/plain) in CBT.V508.FILE1055.PDS, moved to PDS/$OUTPUT4
2025-04-04 04:19:38.201364 - Found $OUTPUT5.txt (text/plain) in CBT.V508.FILE1055.PDS, moved to PDS/$OUTPUT5
2025-04-04 04:19:38.201476 - Found $OUTPUT6.txt (text/plain) in CBT.V508.FILE1055.PDS, moved to PDS/$OUTPUT6
2025-04-04 04:19:38.201586 - Found $OUTPUT7.txt (text/plain) in CBT.V508.FILE1055.PDS, moved to PDS/$OUTPUT7
2025-04-04 04:19:38.201696 - Found $OUTPUT8.txt (text/plain) in CBT.V508.FILE1055.PDS, moved to PDS/$OUTPUT8
2025-04-04 04:19:38.201838 - Found $TESTPRP.jcl (text/plain) in CBT.V508.FILE1055.PDS, moved to PDS/$TESTPRP
2025-04-04 04:19:38.201953 - Found #ORIG192.txt (text/plain) in CBT.V508.FILE1055.PDS, moved to PDS/#ORIG192
2025-04-04 04:19:38.202072 - Found @FIL1055.txt (text/plain) in CBT.V508.FILE1055.PDS, moved to PDS/@FIL1055
2025-04-04 04:19:38.202198 - Found ALLOC.txt (text/plain) in CBT.V508.FILE1055.PDS, moved to PDS/ALLOC
2025-04-04 04:19:38.202309 - Found ASMLKD.txt (text/plain) in CBT.V508.FILE1055.PDS, moved to PDS/ASMLKD
2025-04-04 04:19:38.202452 - Found BAKRCOV.txt (text/plain) in CBT.V508.FILE1055.PDS, moved to PDS/BAKRCOV
2025-04-04 04:19:38.202607 - Found BGRECOV.txt (text/plain) in CBT.V508.FILE1055.PDS, moved to PDS/BGRECOV
2025-04-04 04:19:38.202754 - Found BRECOV.txt (text/plain) in CBT.V508.FILE1055.PDS, moved to PDS/BRECOV
2025-04-04 04:19:38.202871 - Found CARR.txt (text/plain) in CBT.V508.FILE1055.PDS, moved to PDS/CARR
2025-04-04 04:19:38.202985 - Found CCLIENT.txt (text/plain) in CBT.V508.FILE1055.PDS, moved to PDS/CCLIENT
2025-04-04 04:19:38.203159 - Found CESTAE.txt (text/plain) in CBT.V508.FILE1055.PDS, moved to PDS/CESTAE
2025-04-04 04:19:38.203272 - Found CFRR.txt (text/plain) in CBT.V508.FILE1055.PDS, moved to PDS/CFRR
2025-04-04 04:19:38.203385 - Found CLIENT.txt (text/plain) in CBT.V508.FILE1055.PDS, moved to PDS/CLIENT
2025-04-04 04:19:38.203533 - Found CLNTRUN.jcl (text/plain) in CBT.V508.FILE1055.PDS, moved to PDS/CLNTRUN
2025-04-04 04:19:38.203660 - Found DUMPGDG.txt (text/plain) in CBT.V508.FILE1055.PDS, moved to PDS/DUMPGDG
2025-04-04 04:19:38.203774 - Found ENDMOD.txt (text/plain) in CBT.V508.FILE1055.PDS, moved to PDS/ENDMOD
2025-04-04 04:19:38.203884 - Found EQUATES.txt (text/plain) in CBT.V508.FILE1055.PDS, moved to PDS/EQUATES
2025-04-04 04:19:38.203992 - Found ESTPARM.txt (text/plain) in CBT.V508.FILE1055.PDS, moved to PDS/ESTPARM
2025-04-04 04:19:38.204099 - Found EXECJCL.txt (text/plain) in CBT.V508.FILE1055.PDS, moved to PDS/EXECJCL
2025-04-04 04:19:38.204260 - Found GRECOV.txt (text/plain) in CBT.V508.FILE1055.PDS, moved to PDS/GRECOV
2025-04-04 04:19:38.204381 - Found GRECOVB.txt (text/plain) in CBT.V508.FILE1055.PDS, moved to PDS/GRECOVB
2025-04-04 04:19:38.204491 - Found INNERMM.txt (text/plain) in CBT.V508.FILE1055.PDS, moved to PDS/INNERMM
2025-04-04 04:19:38.204622 - Found IRBPTR.txt (text/plain) in CBT.V508.FILE1055.PDS, moved to PDS/IRBPTR
2025-04-04 04:19:38.204733 - Found LSED.txt (text/plain) in CBT.V508.FILE1055.PDS, moved to PDS/LSED
2025-04-04 04:19:38.204853 - Found MODULE.txt (text/plain) in CBT.V508.FILE1055.PDS, moved to PDS/MODULE
2025-04-04 04:19:38.204980 - Found MODULEX.txt (text/plain) in CBT.V508.FILE1055.PDS, moved to PDS/MODULEX
2025-04-04 04:19:38.205094 - Found OUTPUT.txt (text/plain) in CBT.V508.FILE1055.PDS, moved to PDS/OUTPUT
2025-04-04 04:19:38.205211 - Found SYSIN01B.txt (text/plain) in CBT.V508.FILE1055.PDS, moved to PDS/SYSIN01B
2025-04-04 04:19:38.205334 - Found SYSIN01C.txt (text/plain) in CBT.V508.FILE1055.PDS, moved to PDS/SYSIN01C
2025-04-04 04:19:38.205448 - Found TESTPRGP.txt (text/plain) in CBT.V508.FILE1055.PDS, moved to PDS/TESTPRGP
